index: ['t', 'v', 'j', 'u', 'obs']  shape: (660168, 3)  unique: True
columns: ['Price', 'NumberOfUnits', 'Description'] {'Price': Float64Dtype(), 'NumberOfUnits': Float64Dtype(), 'Description': <StringDtype(na_value=<NA>)>}
grain/null warnings fired: 0
grain_reports: 0

===== 1987-88: rows=16582  v=165  j=46  u=10  unique(t,v,j,u,obs)=True
   obs distribution: {1: 5830, 2: 5480, 3: 4964, 4: 111, 5: 105, 6: 92}
   Price NaN: 0  NumberOfUnits NaN: 154  Description NaN: 0
   v in sample().v: 163/165 = 0.988;  sample().v with >=1 price row: 163/176 = 0.926
   j labels: 46; on harmonize_food axis: 20 (0.43); price rows on axis: 0.491; table Food=yes/own/no: {'yes': 21, 'no': 19, 'own': 7}
   food_acquired.j: no warm parquet in this data root -- NOT built (brief); compared against harmonize_food labels above
   u labels: 10; not on unit_labels.org axis: ['Bottle', 'Kg', 'Tablet']
   staples: {'maize': {'n': 403, 'median_Price': 200.0, 'median_per_kg': 71.429, 'units': ['Kg']}, 'rice': {'n': 0, 'median_Price': None, 'median_per_kg': None, 'units': []}, 'cassava': {'n': 444, 'median_Price': 50.0, 'median_per_kg': 26.667, 'units': ['Kg']}, 'plantain': {'n': 436, 'median_Price': 40.0, 'median_per_kg': 52.632, 'units': ['Kg']}, 'palm oil': {'n': 437, 'median_Price': 150.0, 'median_per_kg': 177.215, 'units': ['Kg']}}

===== 1988-89: rows=12642  v=112  j=47  u=10  unique(t,v,j,u,obs)=True
   obs distribution: {1: 4303, 2: 4130, 3: 3839, 4: 139, 5: 122, 6: 100, 7: 2, 8: 2, 9: 2, 10: 1, 11: 1, 12: 1}
   Price NaN: 0  NumberOfUnits NaN: 181  Description NaN: 0
   v in sample().v: 106/112 = 0.946;  sample().v with >=1 price row: 106/170 = 0.624
   j labels: 47; on harmonize_food axis: 20 (0.43); price rows on axis: 0.467; table Food=yes/own/no: {'yes': 21, 'no': 20, 'own': 7}
   food_acquired.j: no warm parquet in this data root -- NOT built (brief); compared against harmonize_food labels above
   u labels: 10; not on unit_labels.org axis: ['Bottle', 'Kg', 'Tablet']
   staples: {'maize': {'n': 279, 'median_Price': 150.0, 'median_per_kg': 62.222, 'units': ['Kg']}, 'rice': {'n': 0, 'median_Price': None, 'median_per_kg': None, 'units': []}, 'cassava': {'n': 315, 'median_Price': 80.0, 'median_per_kg': 26.667, 'units': ['Kg']}, 'plantain': {'n': 308, 'median_Price': 60.0, 'median_per_kg': 62.829, 'units': ['Kg']}, 'palm oil': {'n': 309, 'median_Price': 180.0, 'median_per_kg': 200.0, 'units': ['Kg']}}

===== 1991-92: rows=58348  v=256  j=109  u=21  unique(t,v,j,u,obs)=True
   obs distribution: {1: 19201, 2: 17870, 3: 15597, 4: 1911, 5: 1687, 6: 1451, 7: 189, 8: 167, 9: 141, 10: 47, 11: 39, 12: 33, 13: 4, 14: 4, 15: 3, 16: 2, 17: 1, 18: 1}
   Price NaN: 0  NumberOfUnits NaN: 0  Description NaN: 0
   v in sample().v: 256/256 = 1.000;  sample().v with >=1 price row: 256/365 = 0.701
   j labels: 109; on harmonize_food axis: 60 (0.55); price rows on axis: 0.588; table Food=yes/own/no: {'yes': 68, 'no': 49}
   food_acquired.j: no warm parquet in this data root -- NOT built (brief); compared against harmonize_food labels above
   u labels: 21; not on unit_labels.org axis: ['Bottle', 'Capsule', 'Kg', 'Tablet']
   staples: {'maize': {'n': 695, 'median_Price': 94.118, 'median_per_kg': 94.118, 'units': ['Kg']}, 'rice': {'n': 791, 'median_Price': 250.0, 'median_per_kg': 250.0, 'units': ['Kg']}, 'cassava': {'n': 638, 'median_Price': 40.0, 'median_per_kg': 40.0, 'units': ['Kg']}, 'plantain': {'n': 642, 'median_Price': 99.261, 'median_per_kg': 99.261, 'units': ['Kg']}, 'palm oil': {'n': 709, 'median_Price': 200.0, 'median_per_kg': None, 'units': ['Beer Bottle']}}

===== 1998-99: rows=63445  v=253  j=111  u=21  unique(t,v,j,u,obs)=True
   obs distribution: {1: 19983, 2: 18826, 3: 17130, 4: 2095, 5: 1964, 6: 1900, 7: 298, 8: 293, 9: 284, 10: 149, 11: 141, 12: 141, 13: 45, 14: 44, 15: 41, 16: 14, 17: 13, 18: 13, 19: 6, 20: 6, 21: 6, 22: 6, 23: 6, 24: 6, 25: 4, 26: 4, 27: 3, 28: 3, 29: 3, 30: 3, 31: 1, 32: 1, 33: 1, 34: 1, 35: 1, 36: 1, 37: 1, 38: 1, 39: 1, 40: 1, 41: 1, 42: 1, 43: 1, 44: 1, 45: 1}
   Price NaN: 0  NumberOfUnits NaN: 0  Description NaN: 0
   v in sample().v: 251/253 = 0.992;  sample().v with >=1 price row: 251/300 = 0.837
   j labels: 111; on harmonize_food axis: 59 (0.53); price rows on axis: 0.567; table Food=yes/own/no: {'yes': 71, 'no': 49, 'own': 3}
   food_acquired.j: no warm parquet in this data root -- NOT built (brief); compared against harmonize_food labels above
   u labels: 21; not on unit_labels.org axis: ['Bottle', 'Capsule', 'Kg', 'Tablet']
   staples: {'maize': {'n': 693, 'median_Price': 480.0, 'median_per_kg': 480.0, 'units': ['Kg']}, 'rice': {'n': 1303, 'median_Price': 1555.556, 'median_per_kg': 1555.556, 'units': ['Kg']}, 'cassava': {'n': 655, 'median_Price': 333.333, 'median_per_kg': 333.333, 'units': ['Kg']}, 'plantain': {'n': 612, 'median_Price': 1000.0, 'median_per_kg': 1000.0, 'units': ['Kg']}, 'palm oil': {'n': 671, 'median_Price': 1500.0, 'median_per_kg': None, 'units': ['Beer Bottle']}}

===== 2012-13: rows=288243  v=1015  j=136  u=3  unique(t,v,j,u,obs)=True
   obs distribution: {1: 89516, 2: 84643, 3: 78023, 4: 9853, 5: 9374, 6: 8847, 7: 1650, 8: 1603, 9: 1536, 10: 616, 11: 604, 12: 589, 13: 424, 14: 423, 15: 404, 16: 11, 17: 11, 18: 11, 19: 10, 20: 10, 21: 10, 22: 9, 23: 9, 24: 9, 25: 2, 26: 2, 27: 2, 28: 2, 29: 2, 30: 2, 31: 2, 32: 2, 33: 2, 34: 2, 35: 2, 36: 2, 37: 1, 38: 1, 39: 1, 40: 1, 41: 1, 42: 1, 43: 1, 44: 1, 45: 1, 46: 1, 47: 1, 48: 1, 49: 1, 50: 1, 51: 1, 52: 1, 53: 1, 54: 1, 55: 1, 56: 1, 57: 1, 58: 1, 59: 1, 60: 1}
   Price NaN: 0  NumberOfUnits NaN: 97209  Description NaN: 0
   v in sample().v: 1015/1015 = 1.000;  sample().v with >=1 price row: 1015/1200 = 0.846
   j labels: 136; on harmonize_food axis: 81 (0.60); price rows on axis: 0.709; table Food=yes/own/no: {'yes': 103, 'no': 54}
   food_acquired.j: no warm parquet in this data root -- NOT built (brief); compared against harmonize_food labels above
   u labels: 3; not on unit_labels.org axis: ['Kg']
   staples: {'maize': {'n': 2720, 'median_Price': 2.0, 'median_per_kg': 0.769, 'units': ['Kg']}, 'rice': {'n': 5209, 'median_Price': 3.0, 'median_per_kg': 2.5, 'units': ['Kg']}, 'cassava': {'n': 2313, 'median_Price': 2.0, 'median_per_kg': 0.727, 'units': ['Kg']}, 'plantain': {'n': 2205, 'median_Price': 2.0, 'median_per_kg': 1.429, 'units': ['Kg']}, 'palm oil': {'n': 2578, 'median_Price': 2.4, 'median_per_kg': None, 'units': ['Liter']}}

===== 2016-17: rows=220908  v=398  j=474  u=140  unique(t,v,j,u,obs)=True
   obs distribution: {1: 68140, 2: 59916, 3: 50254, 4: 8487, 5: 7814, 6: 7067, 7: 3396, 8: 3263, 9: 3006, 10: 1604, 11: 1514, 12: 1391, 13: 777, 14: 744, 15: 687, 16: 446, 17: 426, 18: 388, 19: 231, 20: 219, 21: 204, 22: 124, 23: 121, 24: 113, 25: 65, 26: 64, 27: 58, 28: 38, 29: 36, 30: 35, 31: 25, 32: 22, 33: 22, 34: 19, 35: 19, 36: 19, 37: 11, 38: 11, 39: 11, 40: 10, 41: 10, 42: 9, 43: 8, 44: 8, 45: 8, 46: 6, 47: 6, 48: 6, 49: 5, 50: 5, 51: 5, 52: 4, 53: 4, 54: 4, 55: 3, 56: 3, 57: 2, 58: 1, 59: 1, 60: 1, 61: 1, 62: 1, 63: 1, 64: 1, 65: 1, 66: 1, 67: 1, 68: 1, 69: 1, 70: 1, 71: 1, 72: 1}
   Price NaN: 0  NumberOfUnits NaN: 0  Description NaN: 0
   v in sample().v: 398/398 = 1.000;  sample().v with >=1 price row: 398/1000 = 0.398
   j labels: 474; on harmonize_food axis: 132 (0.28); price rows on axis: 0.521; table Food=yes/own/no: {'no': 400, 'yes': 243}
   food_acquired.j: no warm parquet in this data root -- NOT built (brief); compared against harmonize_food labels above
   u labels: 140; not on unit_labels.org axis: ['1', '12" * 13" Feet', '12" * 15"Feet', '1513', '200Mg 1 Strip', '250G 3Pieces', '32*8 Feet', '32Inch Tv', '33" * 8" Feet', '330 Ml Pieces', '330Ml Can Bottl', '36*8 Feet', '36*8Feet', '3X8 Feet', '3X8" Feet', '4. By 5 Feet', '400Mg 1Strip', '40Inch Tv', '43Inch Tv', '500Ml Size', '55Inch Tv', 'Acre', 'Ampere', 'Ampoule', 'Attendace', 'Attendance', 'Attendant', 'Bag', 'Big Size', 'Board', 'Bottle', 'C8', 'Calabash', 'Can', 'Capsule', 'Carat', 'Case', 'Case 5', 'Course', 'Cubic Meter', 'Day', 'Dose', 'Feet', 'Fixed-Route', 'G12', 'Gigabyte', 'Gigawatts', 'Imported Packet', 'Inch', 'Inches', 'Iphone5', 'Kg', 'Kilometre', 'Kilowatts', 'Large', 'Lm', 'Medium', 'Medium Size', 'Megawatts', 'Mg(20/120)', 'Milligram', 'Millimeter', 'Month', 'Ounce', 'P12', 'Page', 'Per Braid', 'Per Cut', 'Person', 'Plot', 'Rod', 'Room', 'S2', 'Saloon Car', 'Service', 'Size', 'Small Size', 'Square Meter', 'Stamp', 'T349', 'Tablet', 'Type 1280', 'Type 21052', 'Type2349', 'Unit', 'Volt', 'Watts', 'Wheel', 'X4', 'Xl', 'Year']
   staples: {'maize': {'n': 1517, 'median_Price': 4.0, 'median_per_kg': 1.2, 'units': ['American Tin', 'Bowl', 'Gram', 'Kg']}, 'rice': {'n': 3337, 'median_Price': 21.0, 'median_per_kg': 5.0, 'units': ['American Tin', 'Bowl', 'Bunch', 'Gram']}, 'cassava': {'n': 936, 'median_Price': 2.0, 'median_per_kg': 1.114, 'units': ['Basket', 'Gram', 'Kg', 'Loaf']}, 'plantain': {'n': 919, 'median_Price': 2.0, 'median_per_kg': 2.538, 'units': ['Finger', 'Gram', 'Kg', 'Visit']}, 'palm oil': {'n': 921, 'median_Price': 5.0, 'median_per_kg': None, 'units': ['Beer Bottle', 'Bowl', 'Finger', 'Gallon']}}

===== overall: (660168, 3)  t values: ['1987-88', '1988-89', '1991-92', '1998-99', '2012-13', '2016-17']
