
--- Malawi (2010-11) ratio by u:
              size    median
u                           
Piece         2194       1.0
Kilogramme    1805       1.0
Gram           593       1.0
Millilitre     311       0.7
Litre          212  0.963974
Satchet/Tube   153       0.8

--- Nigeria (2011Q1) ratio by u:
    size    median
u                 
Kg  5339  1.079545
l    891  1.095238
cl    84  0.009004

--- Ethiopia (2021-22) ratio by u:
                     size  median
u                                
Kg                   1957     1.0
Litres                241     1.0
Gram                   71     1.0
Piece/Number Medium    51     1.0
Piece/Number Small     44     1.0
Esir Medium            43     1.0

--- EthiopiaRHS (1997) ratio by u:
    size  median
u               
Kg   184     1.0

--- Mali (2014-15) ratio by u:
        size   median
u                    
Kg      3470      1.0
Tas     1111  0.21725
Unité    532     0.11
Litre    507    0.875
Boîte    207     0.35
Sachet   119   0.2865

--- GhanaLSS (2016-17) ratio by u:
            size    median
u                         
Liter        305       0.9
Gram         238  1.422619
Single       206       1.0
Kg           148  1.005425
Milliliter    85  1.111111
Pound         69  0.833333

=== RATIO DETAIL (t,v,j,u) ===
    country    wave    n  exact_tie  within10  within25      med  geomean  iqr_log
     Malawi 2010-11 5473   0.278458  0.427188  0.631098 1.000000 0.927218 0.223144
     Malawi 2013-14   10   0.100000  0.100000  0.300000 0.816667 0.704866 0.820396
     Malawi 2019-20 5470   0.354296  0.453382  0.633638 1.000000 0.922175 0.259091
    Nigeria  2011Q1 6314   0.053532  0.156794  0.320082 1.071429 1.143858 0.937808
    Nigeria  2013Q1 3314   0.056126  0.129753  0.257996 0.961538 0.569374 1.583148
    Nigeria  2016Q1 3429   0.040537  0.081948  0.161855 0.020000 0.039975 4.145447
    Nigeria  2019Q1  921   0.209555  0.390879  0.660152 1.000000 0.927037 0.303186
   Ethiopia 2011-12  153   0.326797  0.496732  0.751634 1.000000 1.117227 0.197093
   Ethiopia 2013-14  381   0.217848  0.380577  0.656168 1.000000 0.975809 0.287682
   Ethiopia 2015-16  242   0.214876  0.359504  0.566116 1.000000 1.199677 0.398422
   Ethiopia 2018-19 2550   0.167451  0.336078  0.605098 1.000000 1.352550 0.346861
   Ethiopia 2021-22 2579   0.214036  0.381155  0.665762 1.000000 1.000996 0.286489
EthiopiaRHS   1994a  136   0.088235  0.235294  0.514706 0.978911 0.941945 0.478822
EthiopiaRHS   1994b  115   0.069565  0.339130  0.626087 1.062500 1.045701 0.287150
EthiopiaRHS    1995  101   0.079208  0.396040  0.554455 1.000000 0.979525 0.336472
EthiopiaRHS    1997  184   0.048913  0.347826  0.570652 1.000000 1.063870 0.376992
       Mali 2014-15 6133   0.093592  0.173325  0.343714 0.857143 0.624631 1.348173
   GhanaLSS 2016-17 1315   0.136122  0.240304  0.451711 1.000000 1.441719 0.621597
