
[--rebuild-caches] purged 301 cache files under /global/scratch/fsa/fc_jevons/ligon/tmp/gate_v0.11.1/data
bringing up nodes...
bringing up nodes...

........s..................s.................s.......................... [  2%]
........................................................................ [  4%]
......................................................s......sss........ [  6%]
..................................................................sss.s. [  8%]
.................................................sss.ss................. [ 10%]
.....................................s.................................. [ 12%]
........................................................................ [ 14%]
........................................................................ [ 16%]
........................................................................ [ 18%]
....................................s................................... [ 20%]
........................................................................ [ 22%]
.................sssss.................................................. [ 25%]
........................................................................ [ 27%]
........................................................................ [ 29%]
........................................................................ [ 31%]
........................................................................ [ 33%]
...........................................................s............ [ 35%]
........................................................................ [ 37%]
........................................................................ [ 39%]
........................................................................ [ 41%]
........................s.........................s..................... [ 43%]
........................................................................ [ 45%]
........................................................................ [ 48%]
...........................................s............................ [ 50%]
................................s....................................... [ 52%]
.............x..........x....s..x.................................s..... [ 54%]
.............................s..................................s....... [ 56%]
...........................s..................s..........s....s..s...... [ 58%]
.........s..........s....s..s........................................... [ 60%]
......................s......................s...s.....................s [ 62%]
.s.........s....s..s............ss.sss.s.ssssss.sss..s...s..s.s...s.ssss [ 64%]
sssssssssssssss.sss..ssss.ss..ss........................s.........ss.... [ 66%]
........................................................................ [ 68%]
........................................................................ [ 71%]
........................................................................ [ 73%]
....................................s.......................s........... [ 75%]
...ssssss............................................................... [ 77%]
.........................................X.......ss..................... [ 79%]
....s................................s.................................. [ 81%]
................................s....................................... [ 83%]
sssssssssssssss.............s.....s.ss.s.ss.s.ss.s.ss.s..ss....s.ss.s..s [ 85%]
ss......sss................................s.ss.s..s..........s......... [ 87%]
........................ss...........................sss................ [ 89%]
........................................................................ [ 91%]
........................................................................ [ 93%]
........................................................................ [ 96%]
........................................................................ [ 98%]
....................ss.........................................          [100%]
3274 passed, 169 skipped, 3 xfailed, 1 xpassed in 1100.31s (0:18:20)
