countries_root: /global/scratch/fsa/fc_jevons/ligon/tmp/wt-gsps-crop/lsms_library/countries
data_root: /global/scratch/fsa/fc_jevons/ligon/tmp/lsms_data_gsps_crop
cold? country parquet exists before build: False ; W1 wave parquet exists before build: False
2009-10 major: 9,535 harvest records; dropped 25 with no crop id, 10 with an undefined crop code [0, 44, 45, 46, 47, 90], 0 with a null plot number, 180 with a crop id but no quantity, unit or revenue
2009-10 major: unit residual codes (kept as code strings): {'53': 6, '57': 4, '1': 3, '58': 2, '61': 1, '46': 1, '50': 1, '51': 1, '94': 1}; Unknown: 209
2009-10 minor: 2,528 harvest records; dropped 5 with no crop id, 2 with an undefined crop code [46, 47], 0 with a null plot number, 13 with a crop id but no quantity, unit or revenue
2009-10 minor: unit residual codes (kept as code strings): {'53': 3, '80': 1}; Unknown: 41
2009-10: 11,795 rows after summing 33 duplicate (t, i, plot_id, j, u, season) groups; per season {'major': 9292, 'minor': 2503}

=== delivered frame ===
index: ['i', 't', 'v', 'plot_id', 'j', 'u', 'season']  columns: ['Quantity', 'Quantity_sold', 'Value_sold', 'harvest_month']  shape: (25109, 4)
GrainCollapseWarning count: 0
null_read_reports(GhanaSPS, crop_production): 0 (read-strict condition asserted directly: must be 0)
other warnings (deduped):
    ResourceWarning | unclosed file <_io.TextIOWrapper name='/global/scratch/fsa/fc_jevons/ligon/tmp/wt-gsps-crop/lsms_library/countries/GhanaSPS/2009-10/_/crop_production.py' mode='
    ResourceWarning | unclosed file <_io.TextIOWrapper name='/global/scratch/fsa/fc_jevons/ligon/tmp/wt-gsps-crop/lsms_library/countries/GhanaSPS/2009-10/_/food_acquired.py' mode='r'
    ResourceWarning | unclosed file <_io.TextIOWrapper name='/global/scratch/fsa/fc_jevons/ligon/tmp/wt-gsps-crop/lsms_library/countries/GhanaSPS/2009-10/_/mapping.py' mode='r' encod
    ResourceWarning | unclosed file <_io.TextIOWrapper name='/global/scratch/fsa/fc_jevons/ligon/tmp/wt-gsps-crop/lsms_library/countries/GhanaSPS/2009-10/_/other_expenditures.py' mod
    ResourceWarning | unclosed file <_io.TextIOWrapper name='/global/scratch/fsa/fc_jevons/ligon/tmp/wt-gsps-crop/lsms_library/countries/GhanaSPS/2013-14/_/food_acquired.py' mode='r'
    ResourceWarning | unclosed file <_io.TextIOWrapper name='/global/scratch/fsa/fc_jevons/ligon/tmp/wt-gsps-crop/lsms_library/countries/GhanaSPS/2013-14/_/mapping.py' mode='r' encod
    ResourceWarning | unclosed file <_io.TextIOWrapper name='/global/scratch/fsa/fc_jevons/ligon/tmp/wt-gsps-crop/lsms_library/countries/GhanaSPS/2013-14/_/other_expenditures.py' mod
    ResourceWarning | unclosed file <_io.TextIOWrapper name='/global/scratch/fsa/fc_jevons/ligon/tmp/wt-gsps-crop/lsms_library/countries/GhanaSPS/2017-18/_/food_acquired.py' mode='r'
    ResourceWarning | unclosed file <_io.TextIOWrapper name='/global/scratch/fsa/fc_jevons/ligon/tmp/wt-gsps-crop/lsms_library/countries/GhanaSPS/2017-18/_/mapping.py' mode='r' encod
    ResourceWarning | unclosed file <_io.TextIOWrapper name='/global/scratch/fsa/fc_jevons/ligon/tmp/wt-gsps-crop/lsms_library/countries/GhanaSPS/2017-18/_/other_expenditures.py' mod
    ResourceWarning | unclosed file <_io.TextIOWrapper name='/global/scratch/fsa/fc_jevons/ligon/tmp/wt-gsps-crop/lsms_library/countries/GhanaSPS/_/food_acquired.py' mode='r' encodin
    ResourceWarning | unclosed file <_io.TextIOWrapper name='/global/scratch/fsa/fc_jevons/ligon/tmp/wt-gsps-crop/lsms_library/countries/GhanaSPS/_/ghanasps.py' mode='r' encoding='ut

=== 2009-10 ===
1. rows 11,795; distinct j 74; distinct u 48; distinct season ['major', 'minor']
2. (t, i, plot_id, j, u, season) unique: True; v non-null 11,795/11,795 = 100.00%; distinct v 261
3. (t, i, plot_id) in plot_features(): 4,954/4,954 plots = 100.00%
4. rows per season {'major': 9292, 'minor': 2503}; raw crop-1 quantity fill: S4AV1 (major) 4,825 vs S4AV2 (minor) 1,412; minor is the smaller set: True
5. Quantity non-null 99.85%; Quantity_sold non-null 0.00%; Value_sold non-null 63.77%
6. top-10 crops: {'Maize': 2059, 'Cassava': 1814, 'Plantain': 1312, 'Cocoa': 1142, 'Yam': 773, 'Cocoyam': 611, 'Groundnuts': 578, 'Beans': 550, 'Palm Nuts': 485, 'Sorghum': 438}
   j SUBSET of harmonize_crop Preferred Labels (+ 2009-10 part-qualified products): True  offenders: []
   u SUBSET of harmonizedunit vocabulary (+ Unknown, + 2009-10 residual codes): True  offenders: []
   u values: ['1', '46', '50', '51', '53', '57', '58', '61', '80', '94', 'American tin', 'Ball', 'Bar', 'Barrel', 'Basket', 'Beer bottle', 'Bowl', 'Box', 'Bucket', 'Bunch', 'Bundle', 'Calabash', 'Crate', 'Dozen', 'Fanta/coke bottle', 'Finger', 'Fruit', 'Gallon', 'Kg', 'Litre', 'Loaf', 'Log', 'Margarine tin', 'Maxi bag', 'Meter', 'Mini bag', 'Pair', 'Piece', 'Pound', 'Sachet', 'Set', 'Single', 'Stick', 'Tonne', 'Tree', 'Tuber', 'Unknown', 'Yards']
   part-qualified products (2009-10 only): {'Cocoyam Leaves': 88, 'Cassava (stem/stick)': 49, 'Plantain (stem/stick)': 25, 'Maize (leaves)': 11, 'Plantain (branches)': 7, 'Maize (stem/stick)': 7, 'Plantain (sap)': 5, 'Rice (leaves)': 4, 'Cocoyam (sap)': 3, 'Coconut (branches)': 3, 'Plantain (leaves)': 2, 'Pepper (fresh or dried) (leaves)': 2, 'Palm Nuts (stem/stick)': 2, 'Coconut (leaves)': 2, 'Banana (branches)': 2, 'Cocoyam (stem/stick)': 2, 'Pepper (fresh or dried) (stem/stick)': 2, 'Cocoa (stem/stick)': 2, 'Maize (bark)': 2, 'Rubber (sap)': 1, 'Coconut (bark)': 1, 'Pineapple (sap)': 1, 'Cassava (leaves)': 1, 'Palm Nuts (sap)': 1, 'Cassava (sap)': 1, 'Sorghum (branches)': 1, 'Rice (bark)': 1, 'Maize (branches)': 1, 'Pepper (fresh or dried) (bark)': 1, 'Groundnuts (leaves)': 1, 'Millet (branches)': 1, 'Beans (sap)': 1, 'Rice (branches)': 1, 'Yam (stem/stick)': 1, 'Coconut (stem/stick)': 1}
   harvest_month non-null 92.38%; sample ['02', '02', '02', '02', '02']; max tokens 1

=== 2013-14 ===
1. rows 6,886; distinct j 37; distinct u 26; distinct season ['annual']
2. (t, i, plot_id, j, u, season) unique: True; v non-null 6,886/6,886 = 100.00%; distinct v 285
3. (t, i, plot_id) in plot_features(): 3,541/3,541 plots = 100.00%
4. (single-recall wave) season constant: ['annual']
5. Quantity non-null 100.00%; Quantity_sold non-null 0.00%; Value_sold non-null 0.00%  (2013-14 must be 0% / 0% by design)
6. top-10 crops: {'Maize': 1507, 'Cassava': 1062, 'Plantain': 580, 'Yam': 580, 'Cocoa': 514, 'Groundnuts': 389, 'Millet': 330, 'Cocoyam': 280, 'Rice': 256, 'Sorghum': 242}
   j SUBSET of harmonize_crop Preferred Labels (+ 2009-10 part-qualified products): True  offenders: []
   u SUBSET of harmonizedunit vocabulary (+ Unknown, + 2009-10 residual codes): True  offenders: []
   u values: ['American tin', 'Basket', 'Bowl', 'Box', 'Bucket', 'Bunch', 'Bundle', 'Calabash', 'Crate', 'Dozen', 'Finger', 'Fruit', 'Gallon', 'Groups of 100 pieces', 'Kg', 'Litre', 'Margarine tin', 'Maxi bag', 'Mini bag', 'Other', 'Set', 'Single', 'Stick', 'Tie', 'Tonne', 'Tuber']
   harvest_month non-null 99.99%; sample ['02 03 04 05 06', '03 04 05 06', '08', '12', '08']; max tokens 6

=== 2017-18 ===
1. rows 6,428; distinct j 39; distinct u 33; distinct season ['annual']
2. (t, i, plot_id, j, u, season) unique: True; v non-null 6,428/6,428 = 100.00%; distinct v 244
3. (t, i, plot_id) in plot_features(): 3,195/3,195 plots = 100.00%
4. (single-recall wave) season constant: ['annual']
5. Quantity non-null 96.59%; Quantity_sold non-null 46.86%; Value_sold non-null 54.29%
6. top-10 crops: {'Maize': 1305, 'Cassava': 820, 'Cocoa': 547, 'Plantain': 523, 'Yam': 520, 'Groundnuts': 457, 'Millet': 262, 'Rice': 249, 'Beans': 234, 'Cocoyam': 227}
   j SUBSET of harmonize_crop Preferred Labels (+ 2009-10 part-qualified products): True  offenders: []
   u SUBSET of harmonizedunit vocabulary (+ Unknown, + 2009-10 residual codes): True  offenders: []
   u values: ['American tin', 'Basket', 'Bowl', 'Box', 'Bucket', 'Bunch', 'Bundle', 'Calabash', 'Crate', 'Dozen', 'Finger', 'Fruit', 'Gallon', 'Groups of 100 pieces', 'Kg', 'Loaf', 'Margarine tin', 'Maxi bag', 'Mini bag', 'Nut', 'Other', 'Pair', 'Piece', 'Pound', 'Set', 'Single', 'Stick', 'Tie', 'Tin', 'Tonne', 'Tree', 'Tuber', 'Yard/metre']
   harvest_month non-null 100.00%; sample ['08', '03 04 05 06', '06 07', '09 10', '09 10 11']; max tokens 12

2017-18 04n_harvestquestions: rows 9,317; duplicated (FPrimary, plotid, cropname) INCLUDING blank-crop rows: 0 (must be 0)

2017-18 04o_cropsalesstoresquestions: rows 10,573; duplicated (FPrimary, plotid, cropname) INCLUDING blank-crop rows: 0 (must be 0)

measured drops (2013-14 / 2017-18 no-harvest rows):
   2013-14 04n rows 8,229; quantity AND unit null: 1341
   2017-18 04n rows 9,317; blank crop: 1926; quantity AND unit null among crop rows: 963

=== is_this_feature_sane ===
Sanity report: GhanaSPS/crop_production
  17 checks: 16 pass, 1 warn, 0 fail
  [+] not_empty: 25109 rows
  [+] has_named_index: Index levels: ['i', 't', 'v', 'plot_id', 'j', 'u', 'season']
  [~] index_levels_match_scheme: Extra index levels not in scheme: ['v']; expected: ['t', 'i', 'plot_id', 'j', 'u', 'season'], actual: ['i', 't', 'v', 'plot_id', 'j', 'u', 'season']
  [+] no_null_index_levels
  [+] has_time_index: 3 distinct periods
  [+] has_household_index: 3542 distinct households
  [+] reasonable_size: 25,109 rows
  [+] no_all_null_columns: 4 columns, none all-null
  [+] no_constant_columns
  [+] declared_columns_present: All 4 declared columns present
  [+] dtype_consistency
  [+] value_constraints: No constrained columns (skipped)
  [+] declared_spellings: No constrained columns present (skipped)
  [+] low_duplicate_rate: No duplicate indices
  [+] no_float_stringified_index: No float-stringified index values
  [+] ids_format_id_canonical: All id index levels are canonical format_id output
  [+] index_overlap_with_spine: other_features not cached (skipped)
report.ok: True

=== parquet read-back (pre-finalize) ===
2009-10 wave parquet: shape (11795, 4) index ['t', 'i', 'plot_id', 'j', 'u', 'season'] cols ['Quantity', 'Quantity_sold', 'Value_sold', 'harvest_month'] seasons ['major', 'minor']
2013-14 wave parquet: shape (6886, 4) index ['t', 'i', 'plot_id', 'j', 'u', 'season'] cols ['Quantity', 'Quantity_sold', 'Value_sold', 'harvest_month'] seasons ['annual']
2017-18 wave parquet: shape (6428, 4) index ['t', 'i', 'plot_id', 'j', 'u', 'season'] cols ['Quantity', 'Quantity_sold', 'Value_sold', 'harvest_month'] seasons ['annual']
W1 wave parquet under LSMS_DATA_DIR (not in-tree): True ; in-tree copy absent: True
country parquet: shape (25109, 4) index ['t', 'i', 'plot_id', 'j', 'u', 'season']

=== Feature() assembly (GhanaSPS only) ===
/global/scratch/fsa/fc_jevons/ligon/tmp/wt-gsps-crop/lsms_library/null_read_audit.py:375: NullReadWarning: GhanaSPS/sample: required declared column 'Rural' is 100% NULL in wave(s) [2013-14, 2017-18] while other waves carry it. The column is PRESENT, so the shape guards (Country._assert_built_required_columns, the dfs: sub-df check) all pass; it just holds nothing. Either the wave's data_info.yml does not wire the column (look for a sibling source file that carries it -- that has been the answer more often than 'the survey never asked'), or the source column it names is itself empty. If the data genuinely does not exist for this country, mark the column `optional: true` in GhanaSPS/_/data_scheme.yml -- but note `optional:` is COUNTRY-grain while this finding may be WAVE-grain, so do not reach for it to silence a single wave. Set LSMS_READ_STRICT=1 to make this fatal.
  _emit_null_read_report(report)
/global/scratch/fsa/fc_jevons/ligon/tmp/wt-gsps-crop/lsms_library/null_read_audit.py:375: NullReadWarning: GhanaSPS/sample: required declared column 'panel_weight' is 100% NULL in wave(s) [2013-14, 2017-18] while other waves carry it. The column is PRESENT, so the shape guards (Country._assert_built_required_columns, the dfs: sub-df check) all pass; it just holds nothing. Either the wave's data_info.yml does not wire the column (look for a sibling source file that carries it -- that has been the answer more often than 'the survey never asked'), or the source column it names is itself empty. If the data genuinely does not exist for this country, mark the column `optional: true` in GhanaSPS/_/data_scheme.yml -- but note `optional:` is COUNTRY-grain while this finding may be WAVE-grain, so do not reach for it to silence a single wave. Set LSMS_READ_STRICT=1 to make this fatal.
  _emit_null_read_report(report)
/global/scratch/fsa/fc_jevons/ligon/tmp/wt-gsps-crop/lsms_library/null_read_audit.py:375: NullReadWarning: GhanaSPS/sample: required declared column 'strata' is 100% NULL in wave(s) [2013-14] while other waves carry it. The column is PRESENT, so the shape guards (Country._assert_built_required_columns, the dfs: sub-df check) all pass; it just holds nothing. Either the wave's data_info.yml does not wire the column (look for a sibling source file that carries it -- that has been the answer more often than 'the survey never asked'), or the source column it names is itself empty. If the data genuinely does not exist for this country, mark the column `optional: true` in GhanaSPS/_/data_scheme.yml -- but note `optional:` is COUNTRY-grain while this finding may be WAVE-grain, so do not reach for it to silence a single wave. Set LSMS_READ_STRICT=1 to make this fatal.
  _emit_null_read_report(report)
/global/scratch/fsa/fc_jevons/ligon/tmp/wt-gsps-crop/lsms_library/null_read_audit.py:375: NullReadWarning: GhanaSPS/sample: required declared column 'weight' is 100% NULL in wave(s) [2013-14, 2017-18] while other waves carry it. The column is PRESENT, so the shape guards (Country._assert_built_required_columns, the dfs: sub-df check) all pass; it just holds nothing. Either the wave's data_info.yml does not wire the column (look for a sibling source file that carries it -- that has been the answer more often than 'the survey never asked'), or the source column it names is itself empty. If the data genuinely does not exist for this country, mark the column `optional: true` in GhanaSPS/_/data_scheme.yml -- but note `optional:` is COUNTRY-grain while this finding may be WAVE-grain, so do not reach for it to silence a single wave. Set LSMS_READ_STRICT=1 to make this fatal.
  _emit_null_read_report(report)
Feature index: ['country', 'i', 't', 'v', 'plot_id', 'j', 'u', 'season', 'currency']  shape: (25109, 4)

ALL STEP-3 GATES PASS: True
exit=0
