Uganda     anthropometry                OK   rows=     29553    16.8s
Uganda     assets                       OK   rows=    116808    11.1s
Uganda     cluster_features             OK   rows=      4805     2.6s
/global/scratch/fsa/fc_jevons/ligon/mirrors/LSMS_Library/lsms_library/countries/Uganda/2011-12/_/../../_/uganda.py:1538: GrainConflictWarning: grain conflict on ['t', 'i', 'plot', 'j', 'u', 'condition', 'season']: 1 of 20182 group(s) carry more than one distinct value.  Conflicted groups per column: {'Unit_sold': 1}.  Offending groups e.g. [('2011-12', '1053000802', '1053000802-1-3', 'Sweet Bananas', 'Bunch (Small)', 'fresh', 'A')].  on_conflict='na': blanking those cells rather than picking an arbitrary winner.  Either the payload is genuinely finer-grained than the declared index (it does not belong in this table), the identifier is broken / a level is missing, or the source needs cleaning.  If the loss is understood and accepted, pass on_conflict='na' to blank exactly these cells (and say why at the call site).  GH #323; SkunkWorks/grain_aggregation_policy.org.
  labelcols = reduce_to_agreed(df[['Unit_sold', 'Condition_sold']],
/global/scratch/fsa/fc_jevons/ligon/mirrors/LSMS_Library/lsms_library/countries/Uganda/2013-14/_/../../_/uganda.py:1538: GrainConflictWarning: grain conflict on ['t', 'i', 'plot', 'j', 'u', 'condition', 'season']: 3 of 17585 group(s) carry more than one distinct value.  Conflicted groups per column: {'Unit_sold': 2, 'Condition_sold': 1}.  Offending groups e.g. [('2013-14', 'H06105-04-01', 'H06105-04-01-1-2', 'Cassava', 'Sack (100 kgs)', 'dried', 'A'), ('2013-14', 'H25209-04-01', 'H25209-04-01-1-2', 'Sweet Potatoes', 'Sack (100 kgs)', 'fresh', 'A'), ('2013-14', 'H42603-04-01', 'H42603-04-01-3-4', 'Banana Beer', 'Bunch (Small)', 'fresh', 'A')].  on_conflict='na': blanking those cells rather than picking an arbitrary winner.  Either the payload is genuinely finer-grained than the declared index (it does not belong in this table), the identifier is broken / a level is missing, or the source needs cleaning.  If the loss is understood and accepted, pass on_conflict='na' to blank exactly these cells (and say why at the call site).  GH #323; SkunkWorks/grain_aggregation_policy.org.
  labelcols = reduce_to_agreed(df[['Unit_sold', 'Condition_sold']],
/global/scratch/fsa/fc_jevons/ligon/mirrors/LSMS_Library/lsms_library/countries/Uganda/2009-10/_/../../_/uganda.py:1538: GrainConflictWarning: grain conflict on ['t', 'i', 'plot', 'j', 'u', 'condition', 'season']: 6 of 22748 group(s) carry more than one distinct value.  Conflicted groups per column: {'Unit_sold': 6}.  Offending groups e.g. [('2009-10', '1083003309', '1083003309-1-2', 'Pawpaw', 'Sack (100 kgs)', 'fresh', 'B'), ('2009-10', '2033000804', '2033000804-1-1', 'Maize', 'Sack (100 kgs)', 'dried_grain', 'B'), ('2009-10', '3033003303', '3033003303-2-1', 'Sweet Bananas', 'Bunch (Big)', 'fresh', 'B'), ('2009-10', '4113000903', '4113000903-2-1', 'Matoke', 'Bunch (Small)', 'fresh', 'B'), ('2009-10', '4153000403', '4153000403-2-1', 'Maize', 'Sack (100 kgs)', 'dried_grain', 'B')].  on_conflict='na': blanking those cells rather than picking an arbitrary winner.  Either the payload is genuinely finer-grained than the declared index (it does not belong in this table), the identifier is broken / a level is missing, or the source needs cleaning.  If the loss is understood and accepted, pass on_conflict='na' to blank exactly these cells (and say why at the call site).  GH #323; SkunkWorks/grain_aggregation_policy.org.
  labelcols = reduce_to_agreed(df[['Unit_sold', 'Condition_sold']],
/global/scratch/fsa/fc_jevons/ligon/mirrors/LSMS_Library/lsms_library/countries/Uganda/2015-16/_/../../_/uganda.py:1538: GrainConflictWarning: grain conflict on ['t', 'i', 'plot', 'j', 'u', 'condition', 'season']: 1 of 19576 group(s) carry more than one distinct value.  Conflicted groups per column: {'Condition_sold': 1}.  Offending groups e.g. [('2015-16', 'H3600301', 'H3600301-1-1', 'Maize', 'Plastic Basin (15 lts)', 'green_with_shell', 'A')].  on_conflict='na': blanking those cells rather than picking an arbitrary winner.  Either the payload is genuinely finer-grained than the declared index (it does not belong in this table), the identifier is broken / a level is missing, or the source needs cleaning.  If the loss is understood and accepted, pass on_conflict='na' to blank exactly these cells (and say why at the call site).  GH #323; SkunkWorks/grain_aggregation_policy.org.
  labelcols = reduce_to_agreed(df[['Unit_sold', 'Condition_sold']],
Uganda     crop_production              OK   rows=    130606    12.1s
Uganda     earnings                     OK   rows=     22447    11.2s
Uganda     enterprise_income            OK   rows=     13935    10.8s
/global/scratch/fsa/fc_jevons/ligon/mirrors/LSMS_Library/lsms_library/countries/Uganda/2019-20/_/../../_/uganda.py:400: UserWarning: Dropping some unknown unit codes!
  warnings.warn("Dropping some unknown unit codes!")
{800.0, 801.0, 802.0, 996.0, 997.0, 998.0, 999.0}
/global/scratch/fsa/fc_jevons/ligon/mirrors/LSMS_Library/lsms_library/countries/Uganda/2018-19/_/../../_/uganda.py:400: UserWarning: Dropping some unknown unit codes!
  warnings.warn("Dropping some unknown unit codes!")
{996.0, 997.0, 998.0, 999.0}
Uganda     fct                          OK   rows=        15    35.3s
Uganda     food_acquired                OK   rows=    355571     2.0s
Uganda     food_expenditures            OK   rows=    247049     2.7s
Uganda     food_prices                  OK   rows=    349081     4.0s
Uganda     food_quantities              OK   rows=    349057     4.7s
Uganda     household_characteristics    OK   rows=     24364     8.7s
Uganda     household_roster             OK   rows=    144704     1.5s
Uganda     housing                      OK   rows=     24210     2.3s
2005-06
2009-10
2010-11
2011-12
2013-14
2015-16
2018-19
2019-20
2005-06
2009-10
2010-11
2011-12
2013-14
2015-16
2018-19
2019-20
Uganda     income                       OK   rows=     14740    31.9s
Uganda     individual_education         OK   rows=     46526     3.2s
/global/scratch/fsa/fc_jevons/ligon/mirrors/LSMS_Library/.venv/lib/python3.11/site-packages/ligonlibrary/dataframes.py:435: RuntimeWarning: Issue with categorical mapping: h1bq1
  warnings.warn(f"Issue with categorical mapping: {var}", RuntimeWarning)
/global/scratch/fsa/fc_jevons/ligon/mirrors/LSMS_Library/.venv/lib/python3.11/site-packages/ligonlibrary/dataframes.py:435: RuntimeWarning: Issue with categorical mapping: h1bq3
  warnings.warn(f"Issue with categorical mapping: {var}", RuntimeWarning)
Uganda     interview_date               OK   rows=     24264    11.9s
Uganda     livestock                    OK   rows=     27073    12.3s
Uganda     months_food_inadequate       OK   rows=     14796    11.6s
Uganda     nonfood_expenditures         OK   rows=    251588    18.9s
/global/scratch/fsa/fc_jevons/ligon/mirrors/LSMS_Library/lsms_library/countries/Uganda/2018-19/_/../../_/uganda.py:400: UserWarning: Dropping some unknown unit codes!
  warnings.warn("Dropping some unknown unit codes!")
{996.0, 997.0, 998.0, 999.0}
/global/scratch/fsa/fc_jevons/ligon/mirrors/LSMS_Library/lsms_library/countries/Uganda/2019-20/_/../../_/uganda.py:400: UserWarning: Dropping some unknown unit codes!
  warnings.warn("Dropping some unknown unit codes!")
{800.0, 801.0, 802.0, 996.0, 997.0, 998.0, 999.0}
/global/scratch/fsa/fc_jevons/ligon/mirrors/LSMS_Library/.venv/lib/python3.11/site-packages/ligonlibrary/dataframes.py:435: RuntimeWarning: Issue with categorical mapping: h1bq1
  warnings.warn(f"Issue with categorical mapping: {var}", RuntimeWarning)
/global/scratch/fsa/fc_jevons/ligon/mirrors/LSMS_Library/.venv/lib/python3.11/site-packages/ligonlibrary/dataframes.py:435: RuntimeWarning: Issue with categorical mapping: h1bq3
  warnings.warn(f"Issue with categorical mapping: {var}", RuntimeWarning)
Uganda     nutrition                    OK   rows=     23801    43.7s
Uganda     panel_ids                    OK   rows=      9510     0.0s
Uganda     people_last7days             OK   rows=     15382     2.2s
Uganda     plot_features                OK   rows=     42841    13.1s
Uganda     plot_inputs                  OK   rows=     84216    14.8s
Uganda     plot_labor                   OK   rows=    169877    13.2s
Uganda     sample                       OK   rows=     24362     0.7s
/global/scratch/fsa/fc_jevons/ligon/mirrors/LSMS_Library/.venv/lib/python3.11/site-packages/ligonlibrary/dataframes.py:435: RuntimeWarning: Issue with categorical mapping: h1bq1
  warnings.warn(f"Issue with categorical mapping: {var}", RuntimeWarning)
/global/scratch/fsa/fc_jevons/ligon/mirrors/LSMS_Library/.venv/lib/python3.11/site-packages/ligonlibrary/dataframes.py:435: RuntimeWarning: Issue with categorical mapping: h1bq3
  warnings.warn(f"Issue with categorical mapping: {var}", RuntimeWarning)
Uganda     shocks                       OK   rows=     14457    12.8s
REWARM DONE
