Ethiopia   anthropometry                OK   rows=     18764    27.0s
Ethiopia   assets                       OK   rows=    567887     7.3s
Ethiopia   cluster_features             OK   rows=      2168     2.2s
Ethiopia   community_prices             OK   rows=     45257    11.4s
Ethiopia   crop_production              OK   rows=     85519    14.8s
/global/scratch/fsa/fc_jevons/ligon/mirrors/LSMS_Library/.venv/lib/python3.11/site-packages/ligonlibrary/dataframes.py:416: UnicodeWarning: 
One or more strings in the dta file could not be decoded using utf-8, and
so the fallback encoding of latin-1 is being used.  This can happen when a file
has been incorrectly encoded by Stata or some other software. You should verify
the string values returned are correct.
  values = reader.value_labels()
Ethiopia   food_acquired                OK   rows=    325920    23.9s
Ethiopia   food_coping                  OK   rows=    111080     6.2s
Ethiopia   food_expenditures            OK   rows=    264091     2.2s
Ethiopia   food_prices                  OK   rows=    263635     3.3s
Ethiopia   food_quantities              OK   rows=    325435     3.7s
Ethiopia   food_security                OK   rows=      4958     1.4s
Ethiopia   household_characteristics    OK   rows=     25528     6.0s
Ethiopia   household_roster             OK   rows=    126376     0.8s
Ethiopia   housing                      OK   rows=     25855     2.2s
Ethiopia   individual_education         OK   rows=     63181     2.8s
Ethiopia   interview_date               OK   rows=      8236     1.5s
Ethiopia   livestock                    OK   rows=     37179    10.8s
/global/scratch/fsa/fc_jevons/ligon/mirrors/LSMS_Library/.venv/lib/python3.11/site-packages/ligonlibrary/dataframes.py:416: UnicodeWarning: 
One or more strings in the dta file could not be decoded using utf-8, and
so the fallback encoding of latin-1 is being used.  This can happen when a file
has been incorrectly encoded by Stata or some other software. You should verify
the string values returned are correct.
  values = reader.value_labels()
Ethiopia   nutrition                    OK   rows=     25647    41.3s
Ethiopia   panel_ids                    OK   rows=      4954     0.0s
Ethiopia   people_last7days             OK   rows=    118233    10.7s
/global/scratch/fsa/fc_jevons/ligon/mirrors/LSMS_Library/lsms_library/countries/Ethiopia/2011-12/_/plot_features.py:44: UserWarning: Ethiopia 2011-12 plot_features: 26 of 967 local-unit area conversion(s) exceed 5x the 99th percentile of GPS-measured field area in their own region (worst 29.3x).  NOTHING HAS BEEN CHANGED -- every one of them is SERVED exactly as the survey's estimate times the World Bank's factor, because refusing a row on the strength of a screen deletes the survey's own answer.  Read this as a work queue on the farmer-estimate column and the woreda factor (GH #853), and note that converted areas run 2.4x-17.6x above the within-region GPS median generally -- these are the tail of that, not a separate defect.
  df = plot_features_for_wave('2011-12', sect2, sect3, colmap)
/global/scratch/fsa/fc_jevons/ligon/mirrors/LSMS_Library/lsms_library/countries/Ethiopia/2015-16/_/plot_features.py:42: UserWarning: Ethiopia 2015-16 plot_features: 2 of 135 local-unit area conversion(s) exceed 5x the 99th percentile of GPS-measured field area in their own region (worst 7.1x).  NOTHING HAS BEEN CHANGED -- every one of them is SERVED exactly as the survey's estimate times the World Bank's factor, because refusing a row on the strength of a screen deletes the survey's own answer.  Read this as a work queue on the farmer-estimate column and the woreda factor (GH #853), and note that converted areas run 2.4x-17.6x above the within-region GPS median generally -- these are the tail of that, not a separate defect.
  df = plot_features_for_wave('2015-16', sect2, sect3, colmap)
/global/scratch/fsa/fc_jevons/ligon/mirrors/LSMS_Library/lsms_library/countries/Ethiopia/2018-19/_/plot_features.py:40: UserWarning: Ethiopia 2018-19 plot_features: 2 of 19 local-unit area conversion(s) exceed 5x the 99th percentile of GPS-measured field area in their own region (worst 6.8x).  NOTHING HAS BEEN CHANGED -- every one of them is SERVED exactly as the survey's estimate times the World Bank's factor, because refusing a row on the strength of a screen deletes the survey's own answer.  Read this as a work queue on the farmer-estimate column and the woreda factor (GH #853), and note that converted areas run 2.4x-17.6x above the within-region GPS median generally -- these are the tail of that, not a separate defect.
  df = plot_features_for_wave('2018-19', sect2, sect3, colmap)
/global/scratch/fsa/fc_jevons/ligon/mirrors/LSMS_Library/lsms_library/countries/Ethiopia/2013-14/_/plot_features.py:43: UserWarning: Ethiopia 2013-14 plot_features: 3 of 1152 local-unit area conversion(s) exceed 5x the 99th percentile of GPS-measured field area in their own region (worst 11.0x).  NOTHING HAS BEEN CHANGED -- every one of them is SERVED exactly as the survey's estimate times the World Bank's factor, because refusing a row on the strength of a screen deletes the survey's own answer.  Read this as a work queue on the farmer-estimate column and the woreda factor (GH #853), and note that converted areas run 2.4x-17.6x above the within-region GPS median generally -- these are the tail of that, not a separate defect.
  df = plot_features_for_wave('2013-14', sect2, sect3, colmap)
Ethiopia   plot_features                OK   rows=    132694    11.8s
Ethiopia   plot_inputs                  OK   rows=    180900    14.8s
Ethiopia   plot_labor                   OK   rows=    272925    14.2s
Ethiopia   sample                       OK   rows=     25914     0.4s
Ethiopia   shocks                       OK   rows=     21778     6.0s
REWARM DONE
