Uganda     anthropometry                OK   rows=     29553    23.3s
Uganda     assets                       OK   rows=    116808    13.3s
Uganda     cluster_features             OK   rows=      4805     3.6s
Uganda     crop_production              OK   rows=    130606    16.6s
Uganda     earnings                     OK   rows=     22447    14.0s
Uganda     enterprise_income            OK   rows=     13935    13.1s
/global/scratch/fsa/fc_jevons/ligon/mirrors/LSMS_Library/lsms_library/countries/Uganda/2019-20/_/../../_/uganda.py:400: UserWarning: Dropping some unknown unit codes!
  warnings.warn("Dropping some unknown unit codes!")
{800.0, 801.0, 802.0, 996.0, 997.0, 998.0, 999.0}
/global/scratch/fsa/fc_jevons/ligon/mirrors/LSMS_Library/lsms_library/countries/Uganda/2018-19/_/../../_/uganda.py:400: UserWarning: Dropping some unknown unit codes!
  warnings.warn("Dropping some unknown unit codes!")
{996.0, 997.0, 998.0, 999.0}
Uganda     fct                          OK   rows=        15    44.5s
Uganda     food_acquired                OK   rows=    355571     3.6s
Uganda     food_expenditures            OK   rows=    247049     3.8s
Uganda     food_prices                  OK   rows=    349081     5.7s
Uganda     food_quantities              OK   rows=    349057     5.5s
Uganda     household_characteristics    OK   rows=     24364    10.0s
Uganda     household_roster             OK   rows=    144704     1.4s
Uganda     housing                      OK   rows=     24210     3.2s
2005-06
2005-06
2009-10
2009-10
2010-11
2010-11
2011-12
2013-14
2011-12
2015-16
2018-19
2013-14
2019-20
2015-16
2018-19
2019-20
Uganda     income                       OK   rows=     14740    32.8s
Uganda     individual_education         OK   rows=     46526     3.9s
/global/scratch/fsa/fc_jevons/ligon/mirrors/LSMS_Library/.venv/lib/python3.11/site-packages/ligonlibrary/dataframes.py:435: RuntimeWarning: Issue with categorical mapping: h1bq1
  warnings.warn(f"Issue with categorical mapping: {var}", RuntimeWarning)
/global/scratch/fsa/fc_jevons/ligon/mirrors/LSMS_Library/.venv/lib/python3.11/site-packages/ligonlibrary/dataframes.py:435: RuntimeWarning: Issue with categorical mapping: h1bq3
  warnings.warn(f"Issue with categorical mapping: {var}", RuntimeWarning)
Uganda     interview_date               OK   rows=     24264    14.0s
Uganda     livestock                    OK   rows=     27073    14.6s
Uganda     months_food_inadequate       OK   rows=     14796    12.4s
Uganda     nonfood_expenditures         OK   rows=    251588    18.5s
Uganda     nutrition                    OK   rows=     23801     1.2s
Uganda     panel_ids                    OK   rows=      9510     0.0s
Uganda     people_last7days             OK   rows=     15382     2.4s
Uganda     plot_features                OK   rows=     42841    14.0s
Uganda     plot_inputs                  OK   rows=     84216    15.2s
Uganda     plot_labor                   OK   rows=    169877    13.0s
Uganda     sample                       OK   rows=     24362     1.2s
/global/scratch/fsa/fc_jevons/ligon/mirrors/LSMS_Library/.venv/lib/python3.11/site-packages/ligonlibrary/dataframes.py:435: RuntimeWarning: Issue with categorical mapping: h1bq1
  warnings.warn(f"Issue with categorical mapping: {var}", RuntimeWarning)
/global/scratch/fsa/fc_jevons/ligon/mirrors/LSMS_Library/.venv/lib/python3.11/site-packages/ligonlibrary/dataframes.py:435: RuntimeWarning: Issue with categorical mapping: h1bq3
  warnings.warn(f"Issue with categorical mapping: {var}", RuntimeWarning)
Uganda     shocks                       OK   rows=     14457    12.2s
REWARM DONE
