make: *** No rule to make target 'panel_ids.json'.  Stop.
Makefile build failed for panel_ids: Command '['make', '-s', '-j4', 'panel_ids.json']' returned non-zero exit status 2.. Falling back to wave aggregation.
Nigeria    anthropometry                OK   rows=     16389    19.8s
Nigeria    assets                       OK   rows=    865318    46.8s
Nigeria    cluster_features             OK   rows=      5248     2.8s
Nigeria    community_prices             OK   rows=    138055    15.1s
Nigeria    crop_production              OK   rows=     62844     1.0s
/global/home/users/ligon/mirrors/LSMS_Library/lsms_library/local_tools.py:1326: DtypeWarning: Columns (0: s10bq2b_os, 1: s10bq9b_os) have mixed types. Specify dtype option on import or set low_memory=False.
  return pd.read_csv(f,encoding=encoding)
/global/home/users/ligon/mirrors/LSMS_Library/lsms_library/local_tools.py:1326: DtypeWarning: Columns (0: s10bq2b_os, 1: s10bq3b_os, 2: s10bq5b_os, 3: s10bq6b_os, 4: s10bq7b_os) have mixed types. Specify dtype option on import or set low_memory=False.
  return pd.read_csv(f,encoding=encoding)
/global/home/users/ligon/mirrors/LSMS_Library/lsms_library/local_tools.py:1326: DtypeWarning: Columns (0: s7bq2b_os, 1: s7bq3b_os, 2: s7bq5b_os, 3: s7bq6b_os, 4: s7bq7b_os) have mixed types. Specify dtype option on import or set low_memory=False.
  return pd.read_csv(f,encoding=encoding)
Nigeria    food_acquired                OK   rows=    595725    37.6s
Nigeria    food_coping                  OK   rows=    125839     8.5s
Nigeria    food_expenditures            OK   rows=    482285     4.6s
Nigeria    food_prices                  OK   rows=    481613     6.4s
Nigeria    food_quantities              OK   rows=    595053     7.3s
Nigeria    household_characteristics    OK   rows=     48074    27.5s
Nigeria    household_roster             OK   rows=    287630     2.0s
Nigeria    housing                      OK   rows=     24006    12.7s
Nigeria    individual_education         OK   rows=    113934     5.5s
/global/scratch/fsa/fc_jevons/ligon/mirrors/LSMS_Library/.venv/lib/python3.11/site-packages/ligonlibrary/dataframes.py:435: RuntimeWarning: Issue with categorical mapping: tracked_obs
  warnings.warn(f"Issue with categorical mapping: {var}", RuntimeWarning)
/global/scratch/fsa/fc_jevons/ligon/mirrors/LSMS_Library/.venv/lib/python3.11/site-packages/ligonlibrary/dataframes.py:435: RuntimeWarning: Issue with categorical mapping: saq13y
  warnings.warn(f"Issue with categorical mapping: {var}", RuntimeWarning)
/global/scratch/fsa/fc_jevons/ligon/mirrors/LSMS_Library/.venv/lib/python3.11/site-packages/ligonlibrary/dataframes.py:435: RuntimeWarning: Issue with categorical mapping: saq17y
  warnings.warn(f"Issue with categorical mapping: {var}", RuntimeWarning)
/global/scratch/fsa/fc_jevons/ligon/mirrors/LSMS_Library/.venv/lib/python3.11/site-packages/ligonlibrary/dataframes.py:435: RuntimeWarning: Issue with categorical mapping: interviewer_id
  warnings.warn(f"Issue with categorical mapping: {var}", RuntimeWarning)
/global/scratch/fsa/fc_jevons/ligon/mirrors/LSMS_Library/.venv/lib/python3.11/site-packages/ligonlibrary/dataframes.py:435: RuntimeWarning: Issue with categorical mapping: supervisor_id
  warnings.warn(f"Issue with categorical mapping: {var}", RuntimeWarning)
/global/scratch/fsa/fc_jevons/ligon/mirrors/LSMS_Library/.venv/lib/python3.11/site-packages/ligonlibrary/dataframes.py:435: RuntimeWarning: Issue with categorical mapping: saq13y
  warnings.warn(f"Issue with categorical mapping: {var}", RuntimeWarning)
/global/scratch/fsa/fc_jevons/ligon/mirrors/LSMS_Library/.venv/lib/python3.11/site-packages/ligonlibrary/dataframes.py:435: RuntimeWarning: Issue with categorical mapping: saq16y
  warnings.warn(f"Issue with categorical mapping: {var}", RuntimeWarning)
Nigeria    interview_date               OK   rows=     19446     8.6s
make: *** No rule to make target '/global/scratch/fsa/fc_jevons/ligon/cache/lsms_library/Nigeria/var/livestock.parquet'.  Stop.
make: *** No rule to make target '/global/scratch/fsa/fc_jevons/ligon/mirrors/LSMS_Library/lsms_library/countries/Nigeria/var/livestock.parquet'.  Stop.
make: *** No rule to make target '/global/scratch/fsa/fc_jevons/ligon/mirrors/LSMS_Library/lsms_library/countries/Nigeria/_/livestock.parquet'.  Stop.
Nigeria    livestock                    OK   rows=     23196     9.2s
Nigeria    nonfood_expenditures         OK   rows=    464930    10.7s
Nigeria    panel_ids                    OK   rows=     14251     0.0s
make: *** No rule to make target '/global/scratch/fsa/fc_jevons/ligon/cache/lsms_library/Nigeria/var/people_last7days.parquet'.  Stop.
make: *** No rule to make target '/global/scratch/fsa/fc_jevons/ligon/mirrors/LSMS_Library/lsms_library/countries/Nigeria/var/people_last7days.parquet'.  Stop.
make: *** No rule to make target '/global/scratch/fsa/fc_jevons/ligon/mirrors/LSMS_Library/lsms_library/countries/Nigeria/_/people_last7days.parquet'.  Stop.
Nigeria    people_last7days             OK   rows=    129817     9.7s
Nigeria    plot_features                OK   rows=     38045    13.0s
make: *** No rule to make target '/global/scratch/fsa/fc_jevons/ligon/cache/lsms_library/Nigeria/var/plot_inputs.parquet'.  Stop.
make: *** No rule to make target '/global/scratch/fsa/fc_jevons/ligon/mirrors/LSMS_Library/lsms_library/countries/Nigeria/var/plot_inputs.parquet'.  Stop.
make: *** No rule to make target '/global/scratch/fsa/fc_jevons/ligon/mirrors/LSMS_Library/lsms_library/countries/Nigeria/_/plot_inputs.parquet'.  Stop.
/global/scratch/fsa/fc_jevons/ligon/mirrors/LSMS_Library/.venv/lib/python3.11/site-packages/ligonlibrary/dataframes.py:435: RuntimeWarning: Issue with categorical mapping: s11eq13
  warnings.warn(f"Issue with categorical mapping: {var}", RuntimeWarning)
/global/scratch/fsa/fc_jevons/ligon/mirrors/LSMS_Library/.venv/lib/python3.11/site-packages/ligonlibrary/dataframes.py:435: RuntimeWarning: Issue with categorical mapping: s11eq26
  warnings.warn(f"Issue with categorical mapping: {var}", RuntimeWarning)
/global/scratch/fsa/fc_jevons/ligon/mirrors/LSMS_Library/.venv/lib/python3.11/site-packages/ligonlibrary/dataframes.py:435: RuntimeWarning: Issue with categorical mapping: s11eq34
  warnings.warn(f"Issue with categorical mapping: {var}", RuntimeWarning)
Nigeria    plot_inputs                  OK   rows=     96620    99.6s
make: *** No rule to make target '/global/scratch/fsa/fc_jevons/ligon/cache/lsms_library/Nigeria/var/plot_labor.parquet'.  Stop.
make: *** No rule to make target '/global/scratch/fsa/fc_jevons/ligon/mirrors/LSMS_Library/lsms_library/countries/Nigeria/var/plot_labor.parquet'.  Stop.
make: *** No rule to make target '/global/scratch/fsa/fc_jevons/ligon/mirrors/LSMS_Library/lsms_library/countries/Nigeria/_/plot_labor.parquet'.  Stop.
Nigeria    plot_labor                   OK   rows=     59387     9.5s
Nigeria    sample                       OK   rows=     49770     0.5s
Nigeria    shocks                       OK   rows=     22550     6.5s
REWARM DONE
